// Jest Snapshot v1, https://goo.gl/fbAQLP

exports[`Prueba Componente GifItem should match with spanshot 1`] = `
<div>
  <div
    class="card"
  >
    <img
      alt="Saitama"
      src="http://direccion/mock"
    />
    <p
      data-testid="p-title"
    >
      Saitama
    </p>
  </div>
</div>
`;
